Token.Comment	'--------------------------------------------------------------------------------\n'
Token.Comment	'-- Doggos\n'
Token.Space	'\n'
Token.Name	'numberOfDogs'
Token.Space	' '
Token.Punctuation	'='
Token.Space	' '
Token.Literal.Number.Integer	'6'
Token.Space	'\n\n'
Token.Keyword	'type'
Token.Space	' '
Token.Name	'Dog'
Token.Space	' '
Token.Punctuation	'='
Token.Space	' '
Token.Keyword.Type	'Index'
Token.Space	' '
Token.Name	'numberOfDogs'
Token.Space	'\n\n'
Token.Name	'unknownDog'
Token.Space	'     '
Token.Punctuation	'='
Token.Space	' '
Token.Literal.Number.Integer	'0'
Token.Space	'\n\n'
Token.Name	'greatDane'
Token.Space	'      '
Token.Punctuation	'='
Token.Space	' '
Token.Literal.Number.Integer	'1'
Token.Space	'\n'
Token.Name	'germanShepherd'
Token.Space	' '
Token.Punctuation	'='
Token.Space	' '
Token.Literal.Number.Integer	'2'
Token.Space	'\n\n'
Token.Name	'chihuahua'
Token.Space	'  '
Token.Punctuation	'='
Token.Space	' '
Token.Literal.Number.Integer	'4'
Token.Space	'\n'
Token.Name	'pekinese'
Token.Space	'   '
Token.Punctuation	'='
Token.Space	' '
Token.Literal.Number.Integer	'5'
Token.Space	'\n\n'
Token.Name	'smallDogs'
Token.Space	' '
Token.Punctuation	':'
Token.Space	' '
Token.Keyword.Type	'List'
Token.Space	' '
Token.Name	'Dog'
Token.Space	'\n'
Token.Name	'smallDogs'
Token.Space	' '
Token.Punctuation	'='
Token.Space	' '
Token.Operator	'['
Token.Name	'chihuahua'
Token.Punctuation	','
Token.Space	' '
Token.Name	'pekinese'
Token.Operator	']'
Token.Space	'\n\n'
Token.Name	'bigDogs'
Token.Space	' '
Token.Punctuation	':'
Token.Space	' '
Token.Keyword.Type	'List'
Token.Space	' '
Token.Name	'Dog'
Token.Space	'\n'
Token.Name	'bigDogs'
Token.Space	' '
Token.Punctuation	'='
Token.Space	' '
Token.Operator	'['
Token.Name	'greatDane'
Token.Punctuation	','
Token.Space	' '
Token.Name	'germanShepherd'
Token.Operator	']'
Token.Space	'\n\n'
Token.Comment	'--------------------------------------------------------------------------------\n'
Token.Comment	'-- Network\n'
Token.Space	'\n'
Token.Keyword	'type'
Token.Space	' '
Token.Name	'Image'
Token.Space	' '
Token.Punctuation	'='
Token.Space	' '
Token.Name	'Tensor'
Token.Space	' '
Token.Keyword.Type	'Rat'
Token.Space	' '
Token.Operator	'['
Token.Literal.Number.Integer	'4'
Token.Punctuation	','
Token.Space	' '
Token.Literal.Number.Integer	'4'
Token.Operator	']'
Token.Space	'\n'
Token.Keyword	'type'
Token.Space	' '
Token.Name	'Score'
Token.Space	' '
Token.Punctuation	'='
Token.Space	' '
Token.Keyword.Type	'Rat'
Token.Space	'\n\n'
Token.Keyword.Declaration	'@network'
Token.Space	'\n'
Token.Name	'score'
Token.Space	' '
Token.Punctuation	':'
Token.Space	' '
Token.Name	'Image'
Token.Space	' '
Token.Operator	'->'
Token.Space	' '
Token.Keyword.Type	'Vector'
Token.Space	' '
Token.Name	'Score'
Token.Space	' '
Token.Name	'numberOfDogs'
Token.Space	'\n\n'
Token.Name	'validPixel'
Token.Space	' '
Token.Punctuation	':'
Token.Space	' '
Token.Keyword.Type	'Rat'
Token.Space	' '
Token.Operator	'->'
Token.Space	' '
Token.Keyword.Type	'Bool'
Token.Space	'\n'
Token.Name	'validPixel'
Token.Space	' '
Token.Name	'p'
Token.Space	' '
Token.Punctuation	'='
Token.Space	' '
Token.Literal.Number.Integer	'0'
Token.Space	' '
Token.Operator	'<='
Token.Space	' '
Token.Name	'p'
Token.Space	' '
Token.Operator	'<='
Token.Space	' '
Token.Literal.Number.Integer	'1'
Token.Space	'\n\n'
Token.Name	'validImage'
Token.Space	' '
Token.Punctuation	':'
Token.Space	' '
Token.Name	'Image'
Token.Space	' '
Token.Operator	'->'
Token.Space	' '
Token.Keyword.Type	'Bool'
Token.Space	'\n'
Token.Name	'validImage'
Token.Space	' '
Token.Name	'x'
Token.Space	' '
Token.Punctuation	'='
Token.Space	' '
Token.Keyword	'forall'
Token.Space	' '
Token.Name	'i'
Token.Space	' '
Token.Name	'j'
Token.Space	' '
Token.Punctuation	'.'
Token.Space	' '
Token.Name	'validPixel'
Token.Space	' '
Token.Punctuation	'('
Token.Name	'x'
Token.Space	' '
Token.Operator	'!'
Token.Space	' '
Token.Name	'i'
Token.Space	' '
Token.Operator	'!'
Token.Space	' '
Token.Name	'j'
Token.Punctuation	')'
Token.Space	'\n\n'
Token.Comment	'--------------------------------------------------------------------------------\n'
Token.Comment	'-- Predicates\n'
Token.Space	'\n'
Token.Name	'isFirstChoice'
Token.Space	' '
Token.Punctuation	':'
Token.Space	' '
Token.Name	'Image'
Token.Space	' '
Token.Operator	'->'
Token.Space	' '
Token.Name	'Dog'
Token.Space	' '
Token.Operator	'->'
Token.Space	' '
Token.Keyword.Type	'Bool'
Token.Space	'\n'
Token.Name	'isFirstChoice'
Token.Space	' '
Token.Name	'x'
Token.Space	' '
Token.Name	'dog1'
Token.Space	' '
Token.Punctuation	'='
Token.Space	'\n  '
Token.Keyword	'let'
Token.Space	' '
Token.Name	'scores'
Token.Space	' '
Token.Punctuation	'='
Token.Space	' '
Token.Name	'score'
Token.Space	' '
Token.Name	'x'
Token.Space	' '
Token.Keyword	'in'
Token.Space	'\n  '
Token.Keyword	'forall'
Token.Space	' '
Token.Name	'd'
Token.Space	' '
Token.Punctuation	'.'
Token.Space	' '
Token.Name	'd'
Token.Space	' '
Token.Operator	'!='
Token.Space	' '
Token.Name	'dog1'
Token.Space	' '
Token.Operator	'=>'
Token.Space	' '
Token.Name	'scores'
Token.Space	' '
Token.Operator	'!'
Token.Space	' '
Token.Name	'dog1'
Token.Space	' '
Token.Operator	'>'
Token.Space	' '
Token.Name	'scores'
Token.Space	' '
Token.Operator	'!'
Token.Space	' '
Token.Name	'd'
Token.Space	'\n\n'
Token.Name	'isSecondChoice'
Token.Space	' '
Token.Punctuation	':'
Token.Space	' '
Token.Name	'Image'
Token.Space	' '
Token.Operator	'->'
Token.Space	' '
Token.Name	'Dog'
Token.Space	' '
Token.Operator	'->'
Token.Space	' '
Token.Keyword.Type	'Bool'
Token.Space	'\n'
Token.Name	'isSecondChoice'
Token.Space	' '
Token.Name	'x'
Token.Space	' '
Token.Name	'dog2'
Token.Space	' '
Token.Punctuation	'='
Token.Space	'\n  '
Token.Keyword	'let'
Token.Space	' '
Token.Name	'scores'
Token.Space	' '
Token.Punctuation	'='
Token.Space	' '
Token.Name	'score'
Token.Space	' '
Token.Name	'x'
Token.Space	' '
Token.Keyword	'in'
Token.Space	'\n  '
Token.Keyword	'exists'
Token.Space	' '
Token.Name	'dog1'
Token.Space	' '
Token.Punctuation	'.'
Token.Space	' '
Token.Punctuation	'('
Token.Name	'isFirstChoice'
Token.Space	' '
Token.Name	'x'
Token.Space	' '
Token.Name	'dog1'
Token.Punctuation	')'
Token.Space	' '
Token.Operator.Word	'and'
Token.Space	' '
Token.Punctuation	'('
Token.Keyword	'forall'
Token.Space	' '
Token.Name	'd'
Token.Space	' '
Token.Punctuation	'.'
Token.Space	' '
Token.Name	'd'
Token.Space	' '
Token.Operator	'!='
Token.Space	' '
Token.Name	'dog1'
Token.Space	' '
Token.Operator.Word	'and'
Token.Space	' '
Token.Name	'd'
Token.Space	' '
Token.Operator	'!='
Token.Space	' '
Token.Name	'dog2'
Token.Space	' '
Token.Operator	'=>'
Token.Space	' '
Token.Name	'scores'
Token.Space	' '
Token.Operator	'!'
Token.Space	' '
Token.Name	'dog2'
Token.Space	' '
Token.Operator	'>'
Token.Space	' '
Token.Name	'scores'
Token.Space	' '
Token.Operator	'!'
Token.Space	' '
Token.Name	'd'
Token.Punctuation	')'
Token.Space	'\n\n'
Token.Name	'noConfusionWith'
Token.Space	' '
Token.Punctuation	':'
Token.Space	' '
Token.Name	'Image'
Token.Space	' '
Token.Operator	'->'
Token.Space	' '
Token.Keyword.Type	'List'
Token.Space	' '
Token.Name	'Dog'
Token.Space	' '
Token.Operator	'->'
Token.Space	' '
Token.Keyword.Type	'List'
Token.Space	' '
Token.Name	'Dog'
Token.Space	' '
Token.Operator	'->'
Token.Space	' '
Token.Keyword.Type	'Bool'
Token.Space	'\n'
Token.Name	'noConfusionWith'
Token.Space	' '
Token.Name	'x'
Token.Space	' '
Token.Name	'dogs1'
Token.Space	' '
Token.Name	'dogs2'
Token.Space	' '
Token.Punctuation	'='
Token.Space	'\n  '
Token.Keyword	'forall'
Token.Space	' '
Token.Name	'dog1'
Token.Space	' '
Token.Keyword	'in'
Token.Space	' '
Token.Name	'dogs1'
Token.Space	' '
Token.Punctuation	'.'
Token.Space	'\n    '
Token.Keyword	'forall'
Token.Space	' '
Token.Name	'dog2'
Token.Space	' '
Token.Keyword	'in'
Token.Space	' '
Token.Name	'dogs2'
Token.Space	' '
Token.Punctuation	'.'
Token.Space	'\n      '
Token.Operator.Word	'not'
Token.Space	' '
Token.Punctuation	'('
Token.Name	'isFirstChoice'
Token.Space	' '
Token.Name	'x'
Token.Space	' '
Token.Name	'dog1'
Token.Space	' '
Token.Operator.Word	'and'
Token.Space	' '
Token.Name	'isSecondChoice'
Token.Space	' '
Token.Name	'x'
Token.Space	' '
Token.Name	'dog2'
Token.Punctuation	')'
Token.Space	'\n\n\n'
Token.Comment	'-------------------------------------------------------------------------------\n'
Token.Comment	'-- Properties\n'
Token.Space	'\n'
Token.Keyword.Declaration	'@property'
Token.Space	'\n'
Token.Name	'doesNotConfuseBigAndSmall'
Token.Space	' '
Token.Punctuation	':'
Token.Space	' '
Token.Keyword.Type	'Bool'
Token.Space	'\n'
Token.Name	'doesNotConfuseBigAndSmall'
Token.Space	' '
Token.Punctuation	'='
Token.Space	'\n  '
Token.Keyword	'forall'
Token.Space	' '
Token.Name	'x'
Token.Space	' '
Token.Punctuation	'.'
Token.Space	' '
Token.Name	'validImage'
Token.Space	' '
Token.Name	'x'
Token.Space	' '
Token.Operator	'=>'
Token.Space	' '
Token.Name	'noConfusionWith'
Token.Space	' '
Token.Name	'x'
Token.Space	' '
Token.Name	'bigDogs'
Token.Space	' '
Token.Name	'smallDogs'
Token.Space	'\n'
