encountered unexpected expression ''Tensor' is not handled at the moment for loss function translation.' during compilation to loss functions.
