{
  "specificationPlan": [
    [
      "index",
      {
        "tag": "MultiProperty",
        "contents": [
          {
            "tag": "SingleProperty",
            "contents": [
              {
                "propertyName": "index",
                "propertyIndices": [
                  0
                ]
              },
              {
                "tag": "Query",
                "contents": {
                  "queries": {
                    "tag": "NonTrivial",
                    "contents": {
                      "unDisjunctAll": [
                        [
                          [
                            {
                              "propertyName": "index",
                              "propertyIndices": [
                                0
                              ]
                            },
                            1
                          ],
                          {
                            "variableReconstruction": [
                              {
                                "tag": "Introduce",
                                "contents": {
                                  "tag": "NetworkVar",
                                  "contents": {
                                    "networkVarIndices": null,
                                    "networkVarDimensions": [
                                      2
                                    ],
                                    "networkName": "f",
                                    "inputOrOutput": "Output",
                                    "application": 0
                                  }
                                }
                              },
                              {
                                "tag": "Introduce",
                                "contents": {
                                  "tag": "NetworkVar",
                                  "contents": {
                                    "networkVarIndices": null,
                                    "networkVarDimensions": [
                                      2
                                    ],
                                    "networkName": "f",
                                    "inputOrOutput": "Input",
                                    "application": 0
                                  }
                                }
                              },
                              {
                                "tag": "Reduce",
                                "contents": {
                                  "tag": "NetworkVar",
                                  "contents": {
                                    "networkVarIndices": null,
                                    "networkVarDimensions": [
                                      2
                                    ],
                                    "networkName": "f",
                                    "inputOrOutput": "Input",
                                    "application": 0
                                  }
                                }
                              },
                              {
                                "tag": "Reduce",
                                "contents": {
                                  "tag": "NetworkVar",
                                  "contents": {
                                    "networkVarIndices": null,
                                    "networkVarDimensions": [
                                      2
                                    ],
                                    "networkName": "f",
                                    "inputOrOutput": "Output",
                                    "application": 0
                                  }
                                }
                              }
                            ],
                            "metaNetwork": [
                              {
                                "metaNetworkEntryType": {
                                  "outputTensor": {
                                    "dimensions": [
                                      2
                                    ],
                                    "baseType": []
                                  },
                                  "inputTensor": {
                                    "dimensions": [
                                      2
                                    ],
                                    "baseType": []
                                  }
                                },
                                "metaNetworkEntryName": "f",
                                "metaNetworkEntryFilePath": "fake.onnx"
                              }
                            ]
                          }
                        ]
                      ]
                    }
                  },
                  "negated": false
                }
              }
            ]
          },
          {
            "tag": "SingleProperty",
            "contents": [
              {
                "propertyName": "index",
                "propertyIndices": [
                  1
                ]
              },
              {
                "tag": "Query",
                "contents": {
                  "queries": {
                    "tag": "NonTrivial",
                    "contents": {
                      "unDisjunctAll": [
                        [
                          [
                            {
                              "propertyName": "index",
                              "propertyIndices": [
                                1
                              ]
                            },
                            1
                          ],
                          {
                            "variableReconstruction": [
                              {
                                "tag": "Introduce",
                                "contents": {
                                  "tag": "NetworkVar",
                                  "contents": {
                                    "networkVarIndices": null,
                                    "networkVarDimensions": [
                                      2
                                    ],
                                    "networkName": "f",
                                    "inputOrOutput": "Output",
                                    "application": 0
                                  }
                                }
                              },
                              {
                                "tag": "Introduce",
                                "contents": {
                                  "tag": "NetworkVar",
                                  "contents": {
                                    "networkVarIndices": null,
                                    "networkVarDimensions": [
                                      2
                                    ],
                                    "networkName": "f",
                                    "inputOrOutput": "Input",
                                    "application": 0
                                  }
                                }
                              },
                              {
                                "tag": "Reduce",
                                "contents": {
                                  "tag": "NetworkVar",
                                  "contents": {
                                    "networkVarIndices": null,
                                    "networkVarDimensions": [
                                      2
                                    ],
                                    "networkName": "f",
                                    "inputOrOutput": "Input",
                                    "application": 0
                                  }
                                }
                              },
                              {
                                "tag": "Reduce",
                                "contents": {
                                  "tag": "NetworkVar",
                                  "contents": {
                                    "networkVarIndices": null,
                                    "networkVarDimensions": [
                                      2
                                    ],
                                    "networkName": "f",
                                    "inputOrOutput": "Output",
                                    "application": 0
                                  }
                                }
                              }
                            ],
                            "metaNetwork": [
                              {
                                "metaNetworkEntryType": {
                                  "outputTensor": {
                                    "dimensions": [
                                      2
                                    ],
                                    "baseType": []
                                  },
                                  "inputTensor": {
                                    "dimensions": [
                                      2
                                    ],
                                    "baseType": []
                                  }
                                },
                                "metaNetworkEntryName": "f",
                                "metaNetworkEntryFilePath": "fake.onnx"
                              }
                            ]
                          }
                        ]
                      ]
                    }
                  },
                  "negated": false
                }
              }
            ]
          }
        ]
      }
    ]
  ],
  "resourceIntegrityInfo": {
    "specificationSummary": {
      "name": "specification",
      "filePath": "spec.vcl",
      "fileHash": 8133922974965376708
    },
    "parameterSummaries": {},
    "networkSummaries": [
      {
        "name": "f",
        "filePath": "fake.onnx",
        "fileHash": -6969277137687631667
      }
    ],
    "datasetSummaries": []
  }
}