// WARNING: This file was generated automatically by Vehicle
// and should not be modified manually!
// Metadata:
//  - Marabou query format version: unknown
//  - Vehicle version: 0.3.2+dev
x0 = 0.0
x1 = 0.0
y1 >= 0.0