[
  [
    [
      "User",
      "index"
    ],
    {
      "tag": "MultiProperty",
      "contents": [
        {
          "tag": "SingleProperty",
          "contents": {
            "tag": "Query",
            "contents": {
              "queries": {
                "tag": "NonTrivial",
                "contents": {
                  "unDisjunctAll": [
                    {
                      "userVar": [],
                      "metaNetwork": [
                        [
                          "f",
                          "NO_FILE"
                        ]
                      ]
                    }
                  ]
                }
              },
              "negated": false
            }
          }
        },
        {
          "tag": "SingleProperty",
          "contents": {
            "tag": "Query",
            "contents": {
              "queries": {
                "tag": "NonTrivial",
                "contents": {
                  "unDisjunctAll": [
                    {
                      "userVar": [],
                      "metaNetwork": [
                        [
                          "f",
                          "NO_FILE"
                        ]
                      ]
                    }
                  ]
                }
              },
              "negated": false
            }
          }
        }
      ]
    }
  ]
]