Token.Keyword.Declaration	'@network'
Token.Space	'\n'
Token.Name	'f'
Token.Space	' '
Token.Punctuation	':'
Token.Space	' '
Token.Name	'Tensor'
Token.Space	' '
Token.Keyword.Type	'Rat'
Token.Space	' '
Token.Operator	'['
Token.Literal.Number.Integer	'1'
Token.Operator	']'
Token.Space	' '
Token.Operator	'->'
Token.Space	' '
Token.Name	'Tensor'
Token.Space	' '
Token.Keyword.Type	'Rat'
Token.Space	' '
Token.Operator	'['
Token.Literal.Number.Integer	'1'
Token.Operator	']'
Token.Space	'\n\n'
Token.Keyword.Declaration	'@property'
Token.Space	'\n'
Token.Name	'p'
Token.Space	' '
Token.Punctuation	':'
Token.Space	' '
Token.Keyword.Type	'Bool'
Token.Space	'\n'
Token.Name	'p'
Token.Space	' '
Token.Punctuation	'='
Token.Space	' '
Token.Keyword	'forall'
Token.Space	' '
Token.Name	'y'
Token.Space	' '
Token.Punctuation	'.'
Token.Space	' '
Token.Operator.Word	'not'
Token.Space	' '
Token.Punctuation	'('
Token.Operator.Word	'not'
Token.Space	' '
Token.Punctuation	'('
Token.Keyword	'exists'
Token.Space	' '
Token.Name	'x'
Token.Space	' '
Token.Punctuation	'.'
Token.Space	' '
Token.Name	'f'
Token.Space	' '
Token.Operator	'['
Token.Name	'x'
Token.Operator	']'
Token.Space	' '
Token.Operator	'!='
Token.Space	' '
Token.Operator	'['
Token.Name	'y'
Token.Operator	']'
Token.Punctuation	')'
Token.Punctuation	')'
Token.Space	'\n'
