{
  "name": "TypeCheck",
  "run": "vehicle compile -s unchainableOrdersEqualsEquals.vcl -t TypeCheck",
  "needs": ["unchainableOrdersEqualsEquals.vcl"]
}
