[
  {
    "tag": "DefFunction",
    "contents": [
      "monotonic",
      {
        "tag": "Quantifier",
        "contents": [
          "All",
          "x1",
          [],
          {
            "tag": "Quantifier",
            "contents": [
              "All",
              "x2",
              [],
              {
                "tag": "Multiplication",
                "contents": [
                  {
                    "tag": "Max",
                    "contents": [
                      {
                        "tag": "Constant",
                        "contents": 0
                      },
                      {
                        "tag": "Max",
                        "contents": [
                          {
                            "tag": "Constant",
                            "contents": 0
                          },
                          {
                            "tag": "Subtraction",
                            "contents": [
                              {
                                "tag": "Variable",
                                "contents": "x1"
                              },
                              {
                                "tag": "Variable",
                                "contents": "x2"
                              }
                            ]
                          }
                        ]
                      }
                    ]
                  },
                  {
                    "tag": "Max",
                    "contents": [
                      {
                        "tag": "Constant",
                        "contents": 0
                      },
                      {
                        "tag": "Subtraction",
                        "contents": [
                          {
                            "tag": "At",
                            "contents": [
                              {
                                "tag": "NetworkApplication",
                                "contents": [
                                  "f",
                                  [
                                    {
                                      "tag": "TensorLiteral",
                                      "contents": [
                                        {
                                          "tag": "Variable",
                                          "contents": "x1"
                                        }
                                      ]
                                    }
                                  ]
                                ]
                              },
                              {
                                "tag": "Constant",
                                "contents": 0
                              }
                            ]
                          },
                          {
                            "tag": "At",
                            "contents": [
                              {
                                "tag": "NetworkApplication",
                                "contents": [
                                  "f",
                                  [
                                    {
                                      "tag": "TensorLiteral",
                                      "contents": [
                                        {
                                          "tag": "Variable",
                                          "contents": "x2"
                                        }
                                      ]
                                    }
                                  ]
                                ]
                              },
                              {
                                "tag": "Constant",
                                "contents": 0
                              }
                            ]
                          }
                        ]
                      }
                    ]
                  }
                ]
              }
            ]
          }
        ]
      }
    ]
  }
]