Token.Name	'outOfBounds'
Token.Space	' '
Token.Punctuation	':'
Token.Space	' '
Token.Name	'Tensor'
Token.Space	' '
Token.Keyword.Type	'Nat'
Token.Space	' '
Token.Operator	'['
Token.Literal.Number.Integer	'1'
Token.Operator	']'
Token.Space	' '
Token.Operator	'->'
Token.Space	' '
Token.Keyword.Type	'Nat'
Token.Space	'\n'
Token.Name	'outOfBounds'
Token.Space	' '
Token.Name	'x'
Token.Space	' '
Token.Punctuation	'='
Token.Space	' '
Token.Name	'x'
Token.Space	' '
Token.Operator	'!'
Token.Space	' '
Token.Literal.Number.Integer	'1'
Token.Space	'\n'
