// WARNING: This file was generated automatically by Vehicle
// and should not be modified manually!
// Metadata:
//  - Marabou query format version: unknown
//  - Vehicle version: 0.11.1+dev
+y0 -y3 <= 0.0
x0 <= -0.21226151242096877
x0 <= 0.6715771228489404
x0 >= -0.32842287715105956
x0 >= -0.29523391579960506
x1 <= -0.022281696668440713
x1 <= 0.5
x1 >= -0.5
x1 >= -0.06366199048125919
x2 <= -0.49840845023796854
x2 <= 0.5
x2 >= -0.5
x2 >= -0.5
x3 <= -0.45454545454545453
x3 <= 0.5
x3 >= -0.5
x3 >= -0.5
x4 <= -0.375
x4 <= 0.5
x4 >= -0.5
x4 >= -0.5