{
  "queryMetaData": {
    "tag": "NonTrivial",
    "contents": {
      "tag": "Query",
      "contents": {
        "queries": {
          "unDisjunctAll": [
            {
              "variableReconstruction": [
                {
                  "tag": "ReconstructTensor",
                  "contents": [
                    {
                      "tag": "NetworkTensorVar",
                      "contents": {
                        "startingIndex": 0,
                        "networkTensorVarDimensions": [
                          5
                        ],
                        "networkName": "acasXu",
                        "inputOrOutput": "Input",
                        "application": 0
                      }
                    },
                    [
                      {
                        "tag": "NetworkRationalVar",
                        "contents": {
                          "tensorIndices": [
                            4
                          ],
                          "originalVar": {
                            "startingIndex": 0,
                            "networkTensorVarDimensions": [
                              5
                            ],
                            "networkName": "acasXu",
                            "inputOrOutput": "Input",
                            "application": 0
                          }
                        }
                      },
                      {
                        "tag": "NetworkRationalVar",
                        "contents": {
                          "tensorIndices": [
                            3
                          ],
                          "originalVar": {
                            "startingIndex": 0,
                            "networkTensorVarDimensions": [
                              5
                            ],
                            "networkName": "acasXu",
                            "inputOrOutput": "Input",
                            "application": 0
                          }
                        }
                      },
                      {
                        "tag": "NetworkRationalVar",
                        "contents": {
                          "tensorIndices": [
                            2
                          ],
                          "originalVar": {
                            "startingIndex": 0,
                            "networkTensorVarDimensions": [
                              5
                            ],
                            "networkName": "acasXu",
                            "inputOrOutput": "Input",
                            "application": 0
                          }
                        }
                      },
                      {
                        "tag": "NetworkRationalVar",
                        "contents": {
                          "tensorIndices": [
                            1
                          ],
                          "originalVar": {
                            "startingIndex": 0,
                            "networkTensorVarDimensions": [
                              5
                            ],
                            "networkName": "acasXu",
                            "inputOrOutput": "Input",
                            "application": 0
                          }
                        }
                      },
                      {
                        "tag": "NetworkRationalVar",
                        "contents": {
                          "tensorIndices": [
                            0
                          ],
                          "originalVar": {
                            "startingIndex": 0,
                            "networkTensorVarDimensions": [
                              5
                            ],
                            "networkName": "acasXu",
                            "inputOrOutput": "Input",
                            "application": 0
                          }
                        }
                      }
                    ]
                  ]
                },
                {
                  "tag": "ReconstructTensor",
                  "contents": [
                    {
                      "tag": "NetworkTensorVar",
                      "contents": {
                        "startingIndex": 0,
                        "networkTensorVarDimensions": [
                          5
                        ],
                        "networkName": "acasXu",
                        "inputOrOutput": "Output",
                        "application": 0
                      }
                    },
                    [
                      {
                        "tag": "NetworkRationalVar",
                        "contents": {
                          "tensorIndices": [
                            4
                          ],
                          "originalVar": {
                            "startingIndex": 0,
                            "networkTensorVarDimensions": [
                              5
                            ],
                            "networkName": "acasXu",
                            "inputOrOutput": "Output",
                            "application": 0
                          }
                        }
                      },
                      {
                        "tag": "NetworkRationalVar",
                        "contents": {
                          "tensorIndices": [
                            3
                          ],
                          "originalVar": {
                            "startingIndex": 0,
                            "networkTensorVarDimensions": [
                              5
                            ],
                            "networkName": "acasXu",
                            "inputOrOutput": "Output",
                            "application": 0
                          }
                        }
                      },
                      {
                        "tag": "NetworkRationalVar",
                        "contents": {
                          "tensorIndices": [
                            2
                          ],
                          "originalVar": {
                            "startingIndex": 0,
                            "networkTensorVarDimensions": [
                              5
                            ],
                            "networkName": "acasXu",
                            "inputOrOutput": "Output",
                            "application": 0
                          }
                        }
                      },
                      {
                        "tag": "NetworkRationalVar",
                        "contents": {
                          "tensorIndices": [
                            1
                          ],
                          "originalVar": {
                            "startingIndex": 0,
                            "networkTensorVarDimensions": [
                              5
                            ],
                            "networkName": "acasXu",
                            "inputOrOutput": "Output",
                            "application": 0
                          }
                        }
                      },
                      {
                        "tag": "NetworkRationalVar",
                        "contents": {
                          "tensorIndices": [
                            0
                          ],
                          "originalVar": {
                            "startingIndex": 0,
                            "networkTensorVarDimensions": [
                              5
                            ],
                            "networkName": "acasXu",
                            "inputOrOutput": "Output",
                            "application": 0
                          }
                        }
                      }
                    ]
                  ]
                },
                {
                  "tag": "SolveRationalEquality",
                  "contents": [
                    {
                      "tensorIndices": [
                        0
                      ],
                      "originalVar": {
                        "userTensorVarName": "x",
                        "userTensorVarDimensions": [
                          5
                        ]
                      }
                    },
                    {
                      "constantValue": {
                        "numerator": 19791091,
                        "denominator": 1000
                      },
                      "coefficients": [
                        [
                          {
                            "tag": "NetworkRationalVar",
                            "contents": {
                              "tensorIndices": [
                                0
                              ],
                              "originalVar": {
                                "startingIndex": 0,
                                "networkTensorVarDimensions": [
                                  5
                                ],
                                "networkName": "acasXu",
                                "inputOrOutput": "Input",
                                "application": 0
                              }
                            }
                          },
                          {
                            "numerator": 60261,
                            "denominator": 1
                          }
                        ]
                      ]
                    }
                  ]
                },
                {
                  "tag": "SolveRationalEquality",
                  "contents": [
                    {
                      "tensorIndices": [
                        1
                      ],
                      "originalVar": {
                        "userTensorVarName": "x",
                        "userTensorVarDimensions": [
                          5
                        ]
                      }
                    },
                    {
                      "constantValue": {
                        "numerator": 0,
                        "denominator": 1
                      },
                      "coefficients": [
                        [
                          {
                            "tag": "NetworkRationalVar",
                            "contents": {
                              "tensorIndices": [
                                1
                              ],
                              "originalVar": {
                                "startingIndex": 0,
                                "networkTensorVarDimensions": [
                                  5
                                ],
                                "networkName": "acasXu",
                                "inputOrOutput": "Input",
                                "application": 0
                              }
                            }
                          },
                          {
                            "numerator": 392699,
                            "denominator": 62500
                          }
                        ]
                      ]
                    }
                  ]
                },
                {
                  "tag": "SolveRationalEquality",
                  "contents": [
                    {
                      "tensorIndices": [
                        2
                      ],
                      "originalVar": {
                        "userTensorVarName": "x",
                        "userTensorVarDimensions": [
                          5
                        ]
                      }
                    },
                    {
                      "constantValue": {
                        "numerator": 0,
                        "denominator": 1
                      },
                      "coefficients": [
                        [
                          {
                            "tag": "NetworkRationalVar",
                            "contents": {
                              "tensorIndices": [
                                2
                              ],
                              "originalVar": {
                                "startingIndex": 0,
                                "networkTensorVarDimensions": [
                                  5
                                ],
                                "networkName": "acasXu",
                                "inputOrOutput": "Input",
                                "application": 0
                              }
                            }
                          },
                          {
                            "numerator": 392699,
                            "denominator": 62500
                          }
                        ]
                      ]
                    }
                  ]
                },
                {
                  "tag": "SolveRationalEquality",
                  "contents": [
                    {
                      "tensorIndices": [
                        3
                      ],
                      "originalVar": {
                        "userTensorVarName": "x",
                        "userTensorVarDimensions": [
                          5
                        ]
                      }
                    },
                    {
                      "constantValue": {
                        "numerator": 650,
                        "denominator": 1
                      },
                      "coefficients": [
                        [
                          {
                            "tag": "NetworkRationalVar",
                            "contents": {
                              "tensorIndices": [
                                3
                              ],
                              "originalVar": {
                                "startingIndex": 0,
                                "networkTensorVarDimensions": [
                                  5
                                ],
                                "networkName": "acasXu",
                                "inputOrOutput": "Input",
                                "application": 0
                              }
                            }
                          },
                          {
                            "numerator": 1100,
                            "denominator": 1
                          }
                        ]
                      ]
                    }
                  ]
                },
                {
                  "tag": "SolveRationalEquality",
                  "contents": [
                    {
                      "tensorIndices": [
                        4
                      ],
                      "originalVar": {
                        "userTensorVarName": "x",
                        "userTensorVarDimensions": [
                          5
                        ]
                      }
                    },
                    {
                      "constantValue": {
                        "numerator": 600,
                        "denominator": 1
                      },
                      "coefficients": [
                        [
                          {
                            "tag": "NetworkRationalVar",
                            "contents": {
                              "tensorIndices": [
                                4
                              ],
                              "originalVar": {
                                "startingIndex": 0,
                                "networkTensorVarDimensions": [
                                  5
                                ],
                                "networkName": "acasXu",
                                "inputOrOutput": "Input",
                                "application": 0
                              }
                            }
                          },
                          {
                            "numerator": 1200,
                            "denominator": 1
                          }
                        ]
                      ]
                    }
                  ]
                },
                {
                  "tag": "ReconstructTensor",
                  "contents": [
                    {
                      "tag": "UserTensorVar",
                      "contents": {
                        "userTensorVarName": "x",
                        "userTensorVarDimensions": [
                          5
                        ]
                      }
                    },
                    [
                      {
                        "tag": "UserRationalVar",
                        "contents": {
                          "tensorIndices": [
                            4
                          ],
                          "originalVar": {
                            "userTensorVarName": "x",
                            "userTensorVarDimensions": [
                              5
                            ]
                          }
                        }
                      },
                      {
                        "tag": "UserRationalVar",
                        "contents": {
                          "tensorIndices": [
                            3
                          ],
                          "originalVar": {
                            "userTensorVarName": "x",
                            "userTensorVarDimensions": [
                              5
                            ]
                          }
                        }
                      },
                      {
                        "tag": "UserRationalVar",
                        "contents": {
                          "tensorIndices": [
                            2
                          ],
                          "originalVar": {
                            "userTensorVarName": "x",
                            "userTensorVarDimensions": [
                              5
                            ]
                          }
                        }
                      },
                      {
                        "tag": "UserRationalVar",
                        "contents": {
                          "tensorIndices": [
                            1
                          ],
                          "originalVar": {
                            "userTensorVarName": "x",
                            "userTensorVarDimensions": [
                              5
                            ]
                          }
                        }
                      },
                      {
                        "tag": "UserRationalVar",
                        "contents": {
                          "tensorIndices": [
                            0
                          ],
                          "originalVar": {
                            "userTensorVarName": "x",
                            "userTensorVarDimensions": [
                              5
                            ]
                          }
                        }
                      }
                    ]
                  ]
                }
              ],
              "queryAddress": [
                {
                  "propertyName": "property4",
                  "propertyIndices": [],
                  "propertyID": 3
                },
                1
              ],
              "metaNetwork": {
                "variables": [
                  {
                    "tensorIndices": [
                      4
                    ],
                    "originalVar": {
                      "startingIndex": 0,
                      "networkTensorVarDimensions": [
                        5
                      ],
                      "networkName": "acasXu",
                      "inputOrOutput": "Input",
                      "application": 0
                    }
                  },
                  {
                    "tensorIndices": [
                      3
                    ],
                    "originalVar": {
                      "startingIndex": 0,
                      "networkTensorVarDimensions": [
                        5
                      ],
                      "networkName": "acasXu",
                      "inputOrOutput": "Input",
                      "application": 0
                    }
                  },
                  {
                    "tensorIndices": [
                      2
                    ],
                    "originalVar": {
                      "startingIndex": 0,
                      "networkTensorVarDimensions": [
                        5
                      ],
                      "networkName": "acasXu",
                      "inputOrOutput": "Input",
                      "application": 0
                    }
                  },
                  {
                    "tensorIndices": [
                      1
                    ],
                    "originalVar": {
                      "startingIndex": 0,
                      "networkTensorVarDimensions": [
                        5
                      ],
                      "networkName": "acasXu",
                      "inputOrOutput": "Input",
                      "application": 0
                    }
                  },
                  {
                    "tensorIndices": [
                      0
                    ],
                    "originalVar": {
                      "startingIndex": 0,
                      "networkTensorVarDimensions": [
                        5
                      ],
                      "networkName": "acasXu",
                      "inputOrOutput": "Input",
                      "application": 0
                    }
                  },
                  {
                    "tensorIndices": [
                      4
                    ],
                    "originalVar": {
                      "startingIndex": 0,
                      "networkTensorVarDimensions": [
                        5
                      ],
                      "networkName": "acasXu",
                      "inputOrOutput": "Output",
                      "application": 0
                    }
                  },
                  {
                    "tensorIndices": [
                      3
                    ],
                    "originalVar": {
                      "startingIndex": 0,
                      "networkTensorVarDimensions": [
                        5
                      ],
                      "networkName": "acasXu",
                      "inputOrOutput": "Output",
                      "application": 0
                    }
                  },
                  {
                    "tensorIndices": [
                      2
                    ],
                    "originalVar": {
                      "startingIndex": 0,
                      "networkTensorVarDimensions": [
                        5
                      ],
                      "networkName": "acasXu",
                      "inputOrOutput": "Output",
                      "application": 0
                    }
                  },
                  {
                    "tensorIndices": [
                      1
                    ],
                    "originalVar": {
                      "startingIndex": 0,
                      "networkTensorVarDimensions": [
                        5
                      ],
                      "networkName": "acasXu",
                      "inputOrOutput": "Output",
                      "application": 0
                    }
                  },
                  {
                    "tensorIndices": [
                      0
                    ],
                    "originalVar": {
                      "startingIndex": 0,
                      "networkTensorVarDimensions": [
                        5
                      ],
                      "networkName": "acasXu",
                      "inputOrOutput": "Output",
                      "application": 0
                    }
                  }
                ],
                "networkEntries": [
                  {
                    "metaNetworkEntryName": "acasXu",
                    "metaNetworkEntryInfo": {
                      "networkType": {
                        "outputTensor": {
                          "dimensions": [
                            5
                          ],
                          "baseType": []
                        },
                        "inputTensor": {
                          "dimensions": [
                            5
                          ],
                          "baseType": []
                        }
                      },
                      "networkFilepath": "fake.onnx"
                    }
                  }
                ]
              }
            }
          ]
        },
        "negated": true
      }
    }
  }
}