// WARNING: This file was generated automatically by Vehicle
// and should not be modified manually!
// Metadata:
//  - Marabou query format version: unknown
//  - Vehicle version: 0.1.0

-y0 +y3 <= 0.0
-y1 +y3 <= 0.0
-y2 +y3 <= 0.0
+y3 -y4 <= 0.0
60261.0x0 >= -19791.091
60261.0x0 <= 40968.909
6.283184x1 >= -3.141592
6.283184x1 <= 3.141592
6.283184x2 >= -3.141592
6.283184x2 <= 3.141592
1100.0x3 >= -550.0
1100.0x3 <= 550.0
1200.0x4 >= -600.0
1200.0x4 <= 600.0