@property;
unusedVar : forallT (f : Vector Rat -> Vector Rat) . Bool;
unusedVar f = exists x . exists (y : Rat) . f [x] ! 0 >= 0.0

@property;
underConstrainedVar1 : forallT (f : Vector Rat -> Vector Rat) . Bool;
underConstrainedVar1 f = exists x . exists y . x >= 1.0 and y >= 2.0 and f [x + y] ! 0 >= 0.0

@property;
underConstrainedVar2 : forallT (f : Vector Rat -> Vector Rat) . Bool;
underConstrainedVar2 f = exists x . exists y . x >= 1.0 and 2.0 * y >= 2.0 and f [2.0 * x + y] ! 0 >= 0.0

@property;
underConstrainedVars : forallT (f : Vector Rat -> Vector Rat) . Bool;
underConstrainedVars f = exists (x : fold (\ d -> \ t -> Vector t) Rat (4 :: nil)) . x ! 3 >= 2.0 and x ! 2 + x ! 3 >= 1.0 and x ! 1 + x ! 0 >= 2.5 and f [x ! 0 + x ! 1] ! 0 >= 2.0