Token.Name	'test1'
Token.Space	' '
Token.Punctuation	':'
Token.Space	' '
Token.Keyword.Type	'Bool'
Token.Space	' '
Token.Operator	'->'
Token.Space	' '
Token.Keyword.Type	'Bool'
Token.Space	'\n'
Token.Name	'test1'
Token.Space	' '
Token.Punctuation	'='
Token.Space	' '
Token.Punctuation	'\\'
Token.Space	' '
Token.Operator	'->'
Token.Space	' '
Token.Name.Builtin	'True'
Token.Space	'\n'
