Error at Line 2, Columns 1-16: 'Nat' is not a valid type for the dataset 'trainingDataset'.
Fix: change the type of 'trainingDataset' to one of 'List', 'Vector' or 'Tensor'.
