empty : Vector Rat 0;
empty = []

@property;
p : forallT (f : Vector Rat 1 -> Vector Rat 1) . Rat;
p f = max 0.0 (0.0 - f [0.0] ! 0)
