{
  "name": "TypeCheck",
  "run": "vehicle typeCheck -s missingInputFile.vcl"
}
