{
  "queryMetaData": {
    "tag": "NonTrivial",
    "contents": {
      "tag": "Query",
      "contents": {
        "queries": {
          "unDisjunctAll": [
            {
              "variableReconstruction": [
                {
                  "tag": "ReconstructTensor",
                  "contents": [
                    {
                      "tag": "NetworkTensorVar",
                      "contents": {
                        "startingIndex": 0,
                        "networkVarName": "f₀[input]",
                        "networkTensorVarDimensions": [
                          1
                        ],
                        "inputOrOutput": "Input",
                        "application": 0
                      }
                    },
                    [
                      {
                        "tag": "NetworkRationalVar",
                        "contents": {
                          "tensorIndices": [
                            0
                          ],
                          "originalVar": {
                            "startingIndex": 0,
                            "networkVarName": "f₀[input]",
                            "networkTensorVarDimensions": [
                              1
                            ],
                            "inputOrOutput": "Input",
                            "application": 0
                          }
                        }
                      }
                    ]
                  ]
                },
                {
                  "tag": "ReconstructTensor",
                  "contents": [
                    {
                      "tag": "NetworkTensorVar",
                      "contents": {
                        "startingIndex": 0,
                        "networkVarName": "f₀[output]",
                        "networkTensorVarDimensions": [
                          1
                        ],
                        "inputOrOutput": "Output",
                        "application": 0
                      }
                    },
                    [
                      {
                        "tag": "NetworkRationalVar",
                        "contents": {
                          "tensorIndices": [
                            0
                          ],
                          "originalVar": {
                            "startingIndex": 0,
                            "networkVarName": "f₀[output]",
                            "networkTensorVarDimensions": [
                              1
                            ],
                            "inputOrOutput": "Output",
                            "application": 0
                          }
                        }
                      }
                    ]
                  ]
                },
                {
                  "tag": "SolveRationalEquality",
                  "contents": [
                    {
                      "tensorIndices": [],
                      "originalVar": {
                        "userTensorVarName": "a",
                        "userTensorVarDimensions": []
                      }
                    },
                    {
                      "constantValue": {
                        "numerator": -2,
                        "denominator": 1
                      },
                      "coefficients": [
                        [
                          {
                            "tag": "NetworkRationalVar",
                            "contents": {
                              "tensorIndices": [
                                0
                              ],
                              "originalVar": {
                                "startingIndex": 0,
                                "networkVarName": "f₀[input]",
                                "networkTensorVarDimensions": [
                                  1
                                ],
                                "inputOrOutput": "Input",
                                "application": 0
                              }
                            }
                          },
                          {
                            "numerator": 1,
                            "denominator": 1
                          }
                        ]
                      ]
                    }
                  ]
                },
                {
                  "tag": "ReconstructTensor",
                  "contents": [
                    {
                      "tag": "UserTensorVar",
                      "contents": {
                        "userTensorVarName": "a",
                        "userTensorVarDimensions": []
                      }
                    },
                    [
                      {
                        "tag": "UserRationalVar",
                        "contents": {
                          "tensorIndices": [],
                          "originalVar": {
                            "userTensorVarName": "a",
                            "userTensorVarDimensions": []
                          }
                        }
                      }
                    ]
                  ]
                }
              ],
              "queryAddress": [
                {
                  "propertyName": "test1",
                  "propertyIndices": [],
                  "propertyID": 0
                },
                1
              ],
              "metaNetwork": {
                "variables": [
                  {
                    "tensorIndices": [
                      0
                    ],
                    "originalVar": {
                      "startingIndex": 0,
                      "networkVarName": "f₀[input]",
                      "networkTensorVarDimensions": [
                        1
                      ],
                      "inputOrOutput": "Input",
                      "application": 0
                    }
                  },
                  {
                    "tensorIndices": [
                      0
                    ],
                    "originalVar": {
                      "startingIndex": 0,
                      "networkVarName": "f₀[output]",
                      "networkTensorVarDimensions": [
                        1
                      ],
                      "inputOrOutput": "Output",
                      "application": 0
                    }
                  }
                ],
                "networkEntries": [
                  {
                    "metaNetworkEntryName": "f",
                    "metaNetworkEntryInfo": {
                      "networkType": {
                        "outputTensor": {
                          "dimensions": [
                            1
                          ],
                          "baseType": []
                        },
                        "inputTensor": {
                          "dimensions": [
                            1
                          ],
                          "baseType": []
                        }
                      },
                      "networkFilepath": "fake.onnx"
                    }
                  }
                ]
              }
            }
          ]
        },
        "negated": false
      }
    }
  }
}