// WARNING: This file was generated automatically by Vehicle
// and should not be modified manually!
// Metadata:
//  - Marabou query format version: unknown
//  - Vehicle version: 0.5.1+dev
y0 = 0.0
-2.0x0 +x1 <= -1.0
3.0x0 -2.0x1 <= 0.0