{
  "queryMetaData": {
    "tag": "Trivial",
    "contents": true
  }
}