[
  [
    "add1",
    {
      "tag": "Lambda",
      "contents": [
        "x",
        {
          "tag": "Addition",
          "contents": [
            {
              "tag": "Variable",
              "contents": 0
            },
            {
              "tag": "Constant",
              "contents": 1
            }
          ]
        }
      ]
    }
  ],
  [
    "p1",
    {
      "tag": "Quantifier",
      "contents": [
        "All",
        "x",
        [],
        {
          "tag": "Max",
          "contents": [
            {
              "tag": "Constant",
              "contents": 0
            },
            {
              "tag": "Subtraction",
              "contents": [
                {
                  "tag": "NetworkApplication",
                  "contents": [
                    "add1",
                    [
                      {
                        "tag": "Constant",
                        "contents": 0
                      }
                    ]
                  ]
                },
                {
                  "tag": "At",
                  "contents": [
                    {
                      "tag": "NetworkApplication",
                      "contents": [
                        "f",
                        [
                          {
                            "tag": "Variable",
                            "contents": 0
                          }
                        ]
                      ]
                    },
                    {
                      "tag": "Constant",
                      "contents": 0
                    }
                  ]
                }
              ]
            }
          ]
        }
      ]
    }
  ],
  [
    "p2",
    {
      "tag": "Quantifier",
      "contents": [
        "All",
        "x",
        [],
        {
          "tag": "Max",
          "contents": [
            {
              "tag": "Constant",
              "contents": 0
            },
            {
              "tag": "Subtraction",
              "contents": [
                {
                  "tag": "Constant",
                  "contents": 0
                },
                {
                  "tag": "At",
                  "contents": [
                    {
                      "tag": "NetworkApplication",
                      "contents": [
                        "g",
                        [
                          {
                            "tag": "Variable",
                            "contents": 0
                          }
                        ]
                      ]
                    },
                    {
                      "tag": "Constant",
                      "contents": 0
                    }
                  ]
                }
              ]
            }
          ]
        }
      ]
    }
  ]
]