Specification 'wrongExtension.vclt' has unsupported extension '.vclt'. Only files with a '.vcl' extension are supported.
