[
  {
    "name": "TypeCheck",
    "run": "vehicle check -s spec.vcl",
    "needs": ["spec.vcl"]
  },
  {
    "name": "Marabou",
    "run": "vehicle compile -s spec.vcl -t MarabouQueries -o Marabou.queries/ --network encode:fake.onnx --network decode:fake.onnx",
    "needs": ["spec.vcl", "fake.onnx"],
    "produces": ["Marabou.queries/*.txt", "Marabou.queries/identity.vcl-plan"],
    "ignore": {
      "lines": ".*\"fileHash\".*"
    }
  },
  {
    "name": "Explicit",
    "run": "vehicle compile -s spec.vcl -t Explicit -o Explicit.vcl",
    "needs": ["spec.vcl"],
    "produces": ["Explicit.vcl"]
  },
  {
    "name": "Agda",
    "run": "vehicle compile -s spec.vcl -t Agda -o Agda.agda --network encode:NO_FILE --network decode:NO_FILE",
    "needs": ["spec.vcl"],
    "produces": ["Agda.agda"]
  }
]
