Error in file 'tooBigIndex.vcl' at Line 3, Columns 1-16: Mismatch in the type of elements of dataset 'trainingDataset'.
Expected elements of type 'Index 3' but found value '3' when reading 'dataset-nat-4.idx'.
Fix: change the type of 'trainingDataset' in the specification or check that 'dataset-nat-4.idx' is in the format you were expecting.
