[
  [
    [
      "User",
      "andGateCorrect"
    ],
    {
      "tag": "SingleProperty",
      "contents": {
        "tag": "Conjunct",
        "contents": [
          {
            "tag": "Query",
            "contents": [
              true,
              {
                "tag": "NonTrivial",
                "contents": {
                  "userVar": [
                    [
                      1,
                      {
                        "tag": "GaussianSolution",
                        "contents": {
                          "unLinearExpr": [
                            0,
                            1,
                            0,
                            -1,
                            0,
                            0
                          ]
                        }
                      }
                    ],
                    [
                      0,
                      {
                        "tag": "GaussianSolution",
                        "contents": {
                          "unLinearExpr": [
                            1,
                            0,
                            -1,
                            0,
                            0,
                            0
                          ]
                        }
                      }
                    ]
                  ],
                  "metaNetwork": [
                    [
                      "andGate",
                      "NO_FILE"
                    ]
                  ]
                }
              }
            ]
          },
          {
            "tag": "Conjunct",
            "contents": [
              {
                "tag": "Query",
                "contents": [
                  true,
                  {
                    "tag": "NonTrivial",
                    "contents": {
                      "userVar": [
                        [
                          1,
                          {
                            "tag": "GaussianSolution",
                            "contents": {
                              "unLinearExpr": [
                                0,
                                1,
                                0,
                                -1,
                                0,
                                0
                              ]
                            }
                          }
                        ],
                        [
                          0,
                          {
                            "tag": "GaussianSolution",
                            "contents": {
                              "unLinearExpr": [
                                1,
                                0,
                                -1,
                                0,
                                0,
                                0
                              ]
                            }
                          }
                        ]
                      ],
                      "metaNetwork": [
                        [
                          "andGate",
                          "NO_FILE"
                        ]
                      ]
                    }
                  }
                ]
              },
              {
                "tag": "Conjunct",
                "contents": [
                  {
                    "tag": "Query",
                    "contents": [
                      true,
                      {
                        "tag": "NonTrivial",
                        "contents": {
                          "userVar": [
                            [
                              1,
                              {
                                "tag": "GaussianSolution",
                                "contents": {
                                  "unLinearExpr": [
                                    0,
                                    1,
                                    0,
                                    -1,
                                    0,
                                    0
                                  ]
                                }
                              }
                            ],
                            [
                              0,
                              {
                                "tag": "GaussianSolution",
                                "contents": {
                                  "unLinearExpr": [
                                    1,
                                    0,
                                    -1,
                                    0,
                                    0,
                                    0
                                  ]
                                }
                              }
                            ]
                          ],
                          "metaNetwork": [
                            [
                              "andGate",
                              "NO_FILE"
                            ]
                          ]
                        }
                      }
                    ]
                  },
                  {
                    "tag": "Conjunct",
                    "contents": [
                      {
                        "tag": "Query",
                        "contents": [
                          true,
                          {
                            "tag": "NonTrivial",
                            "contents": {
                              "userVar": [
                                [
                                  1,
                                  {
                                    "tag": "GaussianSolution",
                                    "contents": {
                                      "unLinearExpr": [
                                        0,
                                        1,
                                        0,
                                        -1,
                                        0,
                                        0
                                      ]
                                    }
                                  }
                                ],
                                [
                                  0,
                                  {
                                    "tag": "GaussianSolution",
                                    "contents": {
                                      "unLinearExpr": [
                                        1,
                                        0,
                                        -1,
                                        0,
                                        0,
                                        0
                                      ]
                                    }
                                  }
                                ]
                              ],
                              "metaNetwork": [
                                [
                                  "andGate",
                                  "NO_FILE"
                                ]
                              ]
                            }
                          }
                        ]
                      },
                      {
                        "tag": "Query",
                        "contents": [
                          true,
                          {
                            "tag": "Trivial",
                            "contents": true
                          }
                        ]
                      }
                    ]
                  }
                ]
              }
            ]
          }
        ]
      }
    }
  ]
]