{
  "specificationPlan": [
    [
      "p",
      {
        "tag": "SingleProperty",
        "contents": {
          "tag": "Query",
          "contents": {
            "queries": {
              "tag": "NonTrivial",
              "contents": {
                "unDisjunctAll": [
                  {
                    "userVar": [],
                    "metaNetwork": [
                      [
                        "f",
                        "fake.onnx"
                      ]
                    ]
                  }
                ]
              }
            },
            "negated": false
          }
        }
      }
    ]
  ],
  "resourceIntegrityInfo": {
    "specificationSummary": {
      "name": "specification",
      "filePath": "spec.vcl",
      "fileHash": 2332988783337516841
    },
    "parameterSummaries": {},
    "networkSummaries": [
      {
        "name": "f",
        "filePath": "fake.onnx",
        "fileHash": 7336660951960586308
      }
    ],
    "datasetSummaries": []
  }
}