{
  "name": "TypeCheck",
  "run": "vehicle check -s functionNotGivenBody.vcl",
  "needs": ["functionNotGivenBody.vcl"]
}
