{
  "queryMetaData": {
    "tag": "NonTrivial",
    "contents": {
      "tag": "Query",
      "contents": {
        "queries": {
          "unDisjunctAll": [
            {
              "variableReconstruction": [
                {
                  "tag": "ReconstructTensor",
                  "contents": [
                    [
                      1
                    ],
                    {
                      "tensorVarName": "f₀[input]"
                    },
                    [
                      {
                        "tensorIndices": [
                          0
                        ],
                        "originalVar": {
                          "tensorVarName": "f₀[input]"
                        }
                      }
                    ]
                  ]
                },
                {
                  "tag": "ReconstructTensor",
                  "contents": [
                    [
                      1
                    ],
                    {
                      "tensorVarName": "f₀[output]"
                    },
                    [
                      {
                        "tensorIndices": [
                          0
                        ],
                        "originalVar": {
                          "tensorVarName": "f₀[output]"
                        }
                      }
                    ]
                  ]
                },
                {
                  "tag": "SolveTensorEquality",
                  "contents": [
                    {
                      "tensorVarName": "x"
                    },
                    {
                      "constantValue": {
                        "value": [
                          {
                            "numerator": 0,
                            "denominator": 1
                          }
                        ],
                        "tag": "Tensor",
                        "shape": [
                          1
                        ]
                      },
                      "coefficients": [
                        [
                          {
                            "tensorVarName": "f₀[input]"
                          },
                          {
                            "numerator": 1,
                            "denominator": 1
                          }
                        ]
                      ]
                    }
                  ]
                }
              ],
              "queryVariableMapping": [
                [
                  "x0",
                  {
                    "tensorIndices": [
                      0
                    ],
                    "originalVar": {
                      "tensorVarName": "f₀[input]"
                    }
                  }
                ],
                [
                  "y0",
                  {
                    "tensorIndices": [
                      0
                    ],
                    "originalVar": {
                      "tensorVarName": "f₀[output]"
                    }
                  }
                ]
              ],
              "queryAddress": [
                {
                  "propertyName": "expandedExpr",
                  "propertyIndices": [],
                  "propertyID": 0
                },
                1
              ],
              "metaNetwork": [
                {
                  "metaNetworkEntryName": "f",
                  "metaNetworkEntryInfo": {
                    "networkType": {
                      "outputTensor": {
                        "dimensions": [
                          1
                        ],
                        "baseType": []
                      },
                      "inputTensor": {
                        "dimensions": [
                          1
                        ],
                        "baseType": []
                      }
                    },
                    "networkFilepath": "fake.onnx"
                  }
                }
              ]
            }
          ]
        },
        "negated": true
      }
    }
  }
}