Token.Keyword.Declaration	'@parameter'
Token.Punctuation	'('
Token.Name	'implicit'
Token.Punctuation	'='
Token.Name	'xsd'
Token.Punctuation	')'
Token.Space	'\n'
Token.Name	'epsilon'
Token.Space	' '
Token.Punctuation	':'
Token.Space	' '
Token.Keyword.Type	'Rat'
Token.Space	'\n'
