Token.Comment	'--------------------------------------------------------------------------------\n'
Token.Comment	'-- Inputs and outputs\n'
Token.Space	'\n'
Token.Keyword	'type'
Token.Space	' '
Token.Name	'InputVector'
Token.Space	' '
Token.Punctuation	'='
Token.Space	' '
Token.Name	'Tensor'
Token.Space	' '
Token.Keyword.Type	'Rat'
Token.Space	' '
Token.Operator	'['
Token.Literal.Number.Integer	'2'
Token.Operator	']'
Token.Space	'\n\n'
Token.Name	'currentSensor'
Token.Space	'  '
Token.Punctuation	'='
Token.Space	' '
Token.Literal.Number.Integer	'0'
Token.Space	'\n'
Token.Name	'previousSensor'
Token.Space	' '
Token.Punctuation	'='
Token.Space	' '
Token.Literal.Number.Integer	'1'
Token.Space	'\n\n'
Token.Comment	'--------------------------------------------------------------------------------\n'
Token.Comment	'-- Network\n'
Token.Space	'\n'
Token.Keyword.Declaration	'@network'
Token.Space	'\n'
Token.Name	'controller'
Token.Space	' '
Token.Punctuation	':'
Token.Space	' '
Token.Name	'InputVector'
Token.Space	' '
Token.Operator	'->'
Token.Space	' '
Token.Name	'Tensor'
Token.Space	' '
Token.Keyword.Type	'Rat'
Token.Space	' '
Token.Operator	'['
Token.Literal.Number.Integer	'1'
Token.Operator	']'
Token.Space	'\n\n'
Token.Comment	'--------------------------------------------------------------------------------\n'
Token.Comment	'-- Safety property\n'
Token.Space	'\n'
Token.Name	'safeInput'
Token.Space	' '
Token.Punctuation	':'
Token.Space	' '
Token.Name	'InputVector'
Token.Space	' '
Token.Operator	'->'
Token.Space	' '
Token.Keyword.Type	'Bool'
Token.Space	'\n'
Token.Name	'safeInput'
Token.Space	' '
Token.Name	'x'
Token.Space	' '
Token.Punctuation	'='
Token.Space	' '
Token.Keyword	'forall'
Token.Space	' '
Token.Name	'i'
Token.Space	' '
Token.Punctuation	'.'
Token.Space	' '
Token.Operator	'-'
Token.Literal.Number.Integer	'3'
Token.Punctuation	'.'
Token.Literal.Number.Integer	'25'
Token.Space	' '
Token.Operator	'<='
Token.Space	' '
Token.Name	'x'
Token.Space	' '
Token.Operator	'!'
Token.Space	' '
Token.Name	'i'
Token.Space	' '
Token.Operator	'<='
Token.Space	' '
Token.Literal.Number.Integer	'3'
Token.Punctuation	'.'
Token.Literal.Number.Integer	'25'
Token.Space	'\n\n'
Token.Name	'safeOutput'
Token.Space	' '
Token.Punctuation	':'
Token.Space	' '
Token.Name	'InputVector'
Token.Space	' '
Token.Operator	'->'
Token.Space	' '
Token.Keyword.Type	'Bool'
Token.Space	'\n'
Token.Name	'safeOutput'
Token.Space	' '
Token.Name	'x'
Token.Space	' '
Token.Punctuation	'='
Token.Space	' '
Token.Operator	'-'
Token.Literal.Number.Integer	'1'
Token.Punctuation	'.'
Token.Literal.Number.Integer	'25'
Token.Space	' '
Token.Operator	'<'
Token.Space	' '
Token.Name	'controller'
Token.Space	' '
Token.Name	'x'
Token.Space	' '
Token.Operator	'!'
Token.Space	' '
Token.Literal.Number.Integer	'0'
Token.Space	' '
Token.Operator	'+'
Token.Space	' '
Token.Literal.Number.Integer	'2'
Token.Space	' '
Token.Operator	'*'
Token.Space	' '
Token.Punctuation	'('
Token.Name	'x'
Token.Space	' '
Token.Operator	'!'
Token.Space	' '
Token.Name	'currentSensor'
Token.Punctuation	')'
Token.Space	' '
Token.Operator	'-'
Token.Space	' '
Token.Punctuation	'('
Token.Name	'x'
Token.Space	' '
Token.Operator	'!'
Token.Space	' '
Token.Name	'previousSensor'
Token.Punctuation	')'
Token.Space	' '
Token.Operator	'<'
Token.Space	' '
Token.Literal.Number.Integer	'1'
Token.Punctuation	'.'
Token.Literal.Number.Integer	'25'
Token.Space	'\n\n'
Token.Keyword.Declaration	'@property'
Token.Space	'\n'
Token.Name	'safe'
Token.Space	' '
Token.Punctuation	':'
Token.Space	' '
Token.Keyword.Type	'Bool'
Token.Space	'\n'
Token.Name	'safe'
Token.Space	' '
Token.Punctuation	'='
Token.Space	' '
Token.Keyword	'forall'
Token.Space	' '
Token.Name	'x'
Token.Space	' '
Token.Punctuation	'.'
Token.Space	' '
Token.Name	'safeInput'
Token.Space	' '
Token.Name	'x'
Token.Space	' '
Token.Operator	'=>'
Token.Space	' '
Token.Name	'safeOutput'
Token.Space	' '
Token.Name	'x'
Token.Space	'\n'
