{
  "specificationPlan": [
    [
      "monotonic",
      {
        "tag": "SingleProperty",
        "contents": [
          [
            "monotonic",
            []
          ],
          {
            "tag": "Query",
            "contents": {
              "queries": {
                "tag": "NonTrivial",
                "contents": {
                  "unDisjunctAll": [
                    [
                      [
                        [
                          "monotonic",
                          []
                        ],
                        1
                      ],
                      {
                        "variableInfo": {
                          "unnormalisedVariableInfo": [
                            [
                              "x1",
                              []
                            ],
                            [
                              "x2",
                              []
                            ]
                          ],
                          "normalisedVariableInfo": [
                            [
                              1,
                              {
                                "tag": "GaussianSolution",
                                "contents": {
                                  "solutionEquality": {
                                    "numberOfVars": 7,
                                    "constantValue": 0,
                                    "coefficients": {
                                      "4": 1,
                                      "1": -1
                                    }
                                  }
                                }
                              }
                            ],
                            [
                              0,
                              {
                                "tag": "GaussianSolution",
                                "contents": {
                                  "solutionEquality": {
                                    "numberOfVars": 7,
                                    "constantValue": 0,
                                    "coefficients": {
                                      "2": 1,
                                      "0": -1
                                    }
                                  }
                                }
                              }
                            ]
                          ]
                        },
                        "metaNetwork": [
                          [
                            "f",
                            "fake.onnx"
                          ],
                          [
                            "f",
                            "fake.onnx"
                          ]
                        ]
                      }
                    ]
                  ]
                }
              },
              "negated": true
            }
          }
        ]
      }
    ]
  ],
  "resourceIntegrityInfo": {
    "specificationSummary": {
      "name": "specification",
      "filePath": "spec.vcl",
      "fileHash": 7476454719134013914
    },
    "parameterSummaries": {},
    "networkSummaries": [
      {
        "name": "f",
        "filePath": "fake.onnx",
        "fileHash": -6969277137687631667
      }
    ],
    "datasetSummaries": []
  }
}