-- WARNING: This file was generated automatically by Vehicle
-- and should not be modified manually!
-- Metadata:
--  - Agda version: 2.6.2
--  - Vehicle version: 0.3.3+dev

{-# OPTIONS --allow-exec #-}

open import Vehicle
open import Data.Product
open import Data.Integer as ℤ using (ℤ)
open import Data.Rational as ℚ using (ℚ)
open import Data.Fin as Fin using (Fin; #_)
open import Data.Vec.Functional renaming ([] to []ᵥ; _∷_ to _∷ᵥ_)

module Agda where

postulate f : Vector ℚ 1 → Vector ℚ 1

postulate expandedExpr : ∀ x → x (# 0) ℚ.≥ f x (# 0)

postulate sequential : ∀ x → ∀ y → f x (# 0) ℚ.≥ f y (# 0)

postulate parallel : ∀ x → f x (# 0) ℚ.≥ ℤ.+ 0 ℚ./ 1 × ∃ λ x → f x (# 0) ℚ.≥ ℤ.+ 5 ℚ./ 1